Archive:  /private/tmp/issue199-continuation/2026-09-08T19-26-49.451Z-large/trace.zip
    testing: trace.trace              OK
    testing: trace.network            OK
    testing: resources/page@8525f9a0b5c48acfcc016e653791c670-1788895615863.jpeg   OK
    testing: resources/page@8525f9a0b5c48acfcc016e653791c670-1788895615881.jpeg   OK
    testing: resources/page@8525f9a0b5c48acfcc016e653791c670-1788895615939.jpeg   OK
    testing: resources/page@8525f9a0b5c48acfcc016e653791c670-1788895615943.jpeg   OK
    testing: resources/page@8525f9a0b5c48acfcc016e653791c670-1788895615947.jpeg   OK
    testing: resources/page@8525f9a0b5c48acfcc016e653791c670-1788895615955.jpeg   OK
    testing: resources/page@8525f9a0b5c48acfcc016e653791c670-1788895615972.jpeg   OK
    testing: resources/page@8525f9a0b5c48acfcc016e653791c670-1788895615980.jpeg   OK
    testing: resources/page@8525f9a0b5c48acfcc016e653791c670-1788895615988.jpeg   OK
    testing: resources/page@8525f9a0b5c48acfcc016e653791c670-1788895615997.jpeg   OK
    testing: resources/page@8525f9a0b5c48acfcc016e653791c670-1788895616014.jpeg   OK
    testing: resources/page@8525f9a0b5c48acfcc016e653791c670-1788895616022.jpeg   OK
    testing: resources/page@8525f9a0b5c48acfcc016e653791c670-1788895616031.jpeg   OK
    testing: resources/page@8525f9a0b5c48acfcc016e653791c670-1788895616047.jpeg   OK
    testing: resources/page@8525f9a0b5c48acfcc016e653791c670-1788895616055.jpeg   OK
    testing: resources/page@8525f9a0b5c48acfcc016e653791c670-1788895616064.jpeg   OK
    testing: resources/page@8525f9a0b5c48acfcc016e653791c670-1788895616072.jpeg   OK
    testing: resources/page@8525f9a0b5c48acfcc016e653791c670-1788895616089.jpeg   OK
    testing: resources/page@8525f9a0b5c48acfcc016e653791c670-1788895616097.jpeg   OK
    testing: resources/page@8525f9a0b5c48acfcc016e653791c670-1788895616105.jpeg   OK
    testing: resources/page@8525f9a0b5c48acfcc016e653791c670-1788895616114.jpeg   OK
    testing: resources/page@8525f9a0b5c48acfcc016e653791c670-1788895616130.jpeg   OK
    testing: resources/page@8525f9a0b5c48acfcc016e653791c670-1788895616139.jpeg   OK
    testing: resources/page@8525f9a0b5c48acfcc016e653791c670-1788895616147.jpeg   OK
    testing: resources/page@8525f9a0b5c48acfcc016e653791c670-1788895616155.jpeg   OK
    testing: resources/page@8525f9a0b5c48acfcc016e653791c670-1788895616173.jpeg   OK
    testing: resources/page@8525f9a0b5c48acfcc016e653791c670-1788895616181.jpeg   OK
    testing: resources/page@8525f9a0b5c48acfcc016e653791c670-1788895616189.jpeg   OK
    testing: resources/page@8525f9a0b5c48acfcc016e653791c670-1788895616206.jpeg   OK
    testing: resources/page@8525f9a0b5c48acfcc016e653791c670-1788895616214.jpeg   OK
    testing: resources/page@8525f9a0b5c48acfcc016e653791c670-1788895616223.jpeg   OK
    testing: resources/page@8525f9a0b5c48acfcc016e653791c670-1788895616247.jpeg   OK
    testing: resources/page@8525f9a0b5c48acfcc016e653791c670-1788895616259.jpeg   OK
    testing: resources/page@8525f9a0b5c48acfcc016e653791c670-1788895616266.jpeg   OK
    testing: resources/page@8525f9a0b5c48acfcc016e653791c670-1788895616283.jpeg   OK
    testing: resources/page@8525f9a0b5c48acfcc016e653791c670-1788895616290.jpeg   OK
    testing: resources/page@8525f9a0b5c48acfcc016e653791c670-1788895616298.jpeg   OK
    testing: resources/page@8525f9a0b5c48acfcc016e653791c670-1788895616307.jpeg   OK
    testing: resources/page@8525f9a0b5c48acfcc016e653791c670-1788895616323.jpeg   OK
    testing: resources/page@8525f9a0b5c48acfcc016e653791c670-1788895616332.jpeg   OK
    testing: resources/page@8525f9a0b5c48acfcc016e653791c670-1788895616340.jpeg   OK
    testing: resources/page@8525f9a0b5c48acfcc016e653791c670-1788895616357.jpeg   OK
    testing: resources/page@8525f9a0b5c48acfcc016e653791c670-1788895616366.jpeg   OK
    testing: resources/page@8525f9a0b5c48acfcc016e653791c670-1788895616374.jpeg   OK
    testing: resources/page@8525f9a0b5c48acfcc016e653791c670-1788895616391.jpeg   OK
    testing: resources/page@8525f9a0b5c48acfcc016e653791c670-1788895616399.jpeg   OK
    testing: resources/page@8525f9a0b5c48acfcc016e653791c670-1788895616407.jpeg   OK
    testing: resources/page@8525f9a0b5c48acfcc016e653791c670-1788895616424.jpeg   OK
    testing: resources/page@8525f9a0b5c48acfcc016e653791c670-1788895616432.jpeg   OK
    testing: resources/page@8525f9a0b5c48acfcc016e653791c670-1788895616440.jpeg   OK
    testing: resources/page@8525f9a0b5c48acfcc016e653791c670-1788895616449.jpeg   OK
    testing: resources/page@8525f9a0b5c48acfcc016e653791c670-1788895616466.jpeg   OK
    testing: resources/page@8525f9a0b5c48acfcc016e653791c670-1788895616674.jpeg   OK
    testing: resources/page@8525f9a0b5c48acfcc016e653791c670-1788895616749.jpeg   OK
    testing: resources/page@8525f9a0b5c48acfcc016e653791c670-1788895616812.jpeg   OK
    testing: resources/page@8525f9a0b5c48acfcc016e653791c670-1788895616813.jpeg   OK
    testing: resources/page@8525f9a0b5c48acfcc016e653791c670-1788895616847.jpeg   OK
    testing: resources/page@8525f9a0b5c48acfcc016e653791c670-1788895616874.jpeg   OK
    testing: resources/page@8525f9a0b5c48acfcc016e653791c670-1788895616881.jpeg   OK
    testing: resources/page@8525f9a0b5c48acfcc016e653791c670-1788895616891.jpeg   OK
    testing: resources/page@8525f9a0b5c48acfcc016e653791c670-1788895616915.jpeg   OK
    testing: resources/page@8525f9a0b5c48acfcc016e653791c670-1788895616922.jpeg   OK
    testing: resources/page@8525f9a0b5c48acfcc016e653791c670-1788895616931.jpeg   OK
    testing: resources/page@8525f9a0b5c48acfcc016e653791c670-1788895616967.jpeg   OK
    testing: resources/page@8525f9a0b5c48acfcc016e653791c670-1788895616979.jpeg   OK
    testing: resources/page@8525f9a0b5c48acfcc016e653791c670-1788895616983.jpeg   OK
    testing: resources/page@8525f9a0b5c48acfcc016e653791c670-1788895617009.jpeg   OK
    testing: resources/page@8525f9a0b5c48acfcc016e653791c670-1788895617014.jpeg   OK
    testing: resources/page@8525f9a0b5c48acfcc016e653791c670-1788895617022.jpeg   OK
    testing: resources/page@8525f9a0b5c48acfcc016e653791c670-1788895617030.jpeg   OK
    testing: resources/page@8525f9a0b5c48acfcc016e653791c670-1788895617047.jpeg   OK
    testing: resources/page@8525f9a0b5c48acfcc016e653791c670-1788895617055.jpeg   OK
    testing: resources/page@8525f9a0b5c48acfcc016e653791c670-1788895617063.jpeg   OK
    testing: resources/page@8525f9a0b5c48acfcc016e653791c670-1788895617080.jpeg   OK
    testing: resources/page@8525f9a0b5c48acfcc016e653791c670-1788895617089.jpeg   OK
    testing: resources/page@8525f9a0b5c48acfcc016e653791c670-1788895617097.jpeg   OK
    testing: resources/page@8525f9a0b5c48acfcc016e653791c670-1788895617113.jpeg   OK
    testing: resources/page@8525f9a0b5c48acfcc016e653791c670-1788895617122.jpeg   OK
    testing: resources/page@8525f9a0b5c48acfcc016e653791c670-1788895617131.jpeg   OK
    testing: resources/page@8525f9a0b5c48acfcc016e653791c670-1788895617139.jpeg   OK
    testing: resources/page@8525f9a0b5c48acfcc016e653791c670-1788895617156.jpeg   OK
    testing: resources/page@8525f9a0b5c48acfcc016e653791c670-1788895617164.jpeg   OK
    testing: resources/page@8525f9a0b5c48acfcc016e653791c670-1788895617172.jpeg   OK
    testing: resources/page@8525f9a0b5c48acfcc016e653791c670-1788895617181.jpeg   OK
    testing: resources/page@8525f9a0b5c48acfcc016e653791c670-1788895617197.jpeg   OK
    testing: resources/page@8525f9a0b5c48acfcc016e653791c670-1788895617205.jpeg   OK
    testing: resources/page@8525f9a0b5c48acfcc016e653791c670-1788895617214.jpeg   OK
    testing: resources/page@8525f9a0b5c48acfcc016e653791c670-1788895617230.jpeg   OK
    testing: resources/page@8525f9a0b5c48acfcc016e653791c670-1788895617239.jpeg   OK
    testing: resources/page@8525f9a0b5c48acfcc016e653791c670-1788895617247.jpeg   OK
    testing: resources/page@8525f9a0b5c48acfcc016e653791c670-1788895617264.jpeg   OK
    testing: resources/page@8525f9a0b5c48acfcc016e653791c670-1788895617273.jpeg   OK
    testing: resources/page@8525f9a0b5c48acfcc016e653791c670-1788895617279.jpeg   OK
    testing: resources/page@8525f9a0b5c48acfcc016e653791c670-1788895617290.jpeg   OK
    testing: resources/page@8525f9a0b5c48acfcc016e653791c670-1788895617313.jpeg   OK
    testing: resources/page@8525f9a0b5c48acfcc016e653791c670-1788895617322.jpeg   OK
    testing: resources/page@8525f9a0b5c48acfcc016e653791c670-1788895617330.jpeg   OK
    testing: resources/page@8525f9a0b5c48acfcc016e653791c670-1788895617339.jpeg   OK
    testing: resources/page@8525f9a0b5c48acfcc016e653791c670-1788895617361.jpeg   OK
    testing: resources/page@8525f9a0b5c48acfcc016e653791c670-1788895617368.jpeg   OK
    testing: resources/page@8525f9a0b5c48acfcc016e653791c670-1788895617392.jpeg   OK
    testing: resources/page@8525f9a0b5c48acfcc016e653791c670-1788895617855.jpeg   OK
    testing: resources/page@8525f9a0b5c48acfcc016e653791c670-1788895617863.jpeg   OK
    testing: resources/page@8525f9a0b5c48acfcc016e653791c670-1788895617870.jpeg   OK
    testing: resources/page@8525f9a0b5c48acfcc016e653791c670-1788895617876.jpeg   OK
    testing: resources/page@8525f9a0b5c48acfcc016e653791c670-1788895617893.jpeg   OK
    testing: resources/page@8525f9a0b5c48acfcc016e653791c670-1788895617900.jpeg   OK
    testing: resources/page@8525f9a0b5c48acfcc016e653791c670-1788895617907.jpeg   OK
    testing: resources/page@8525f9a0b5c48acfcc016e653791c670-1788895617918.jpeg   OK
    testing: resources/page@8525f9a0b5c48acfcc016e653791c670-1788895617934.jpeg   OK
    testing: resources/page@8525f9a0b5c48acfcc016e653791c670-1788895617942.jpeg   OK
    testing: resources/page@8525f9a0b5c48acfcc016e653791c670-1788895617951.jpeg   OK
    testing: resources/page@8525f9a0b5c48acfcc016e653791c670-1788895617967.jpeg   OK
    testing: resources/page@8525f9a0b5c48acfcc016e653791c670-1788895617974.jpeg   OK
    testing: resources/page@8525f9a0b5c48acfcc016e653791c670-1788895617984.jpeg   OK
    testing: resources/page@8525f9a0b5c48acfcc016e653791c670-1788895617999.jpeg   OK
    testing: resources/page@8525f9a0b5c48acfcc016e653791c670-1788895618009.jpeg   OK
    testing: resources/page@8525f9a0b5c48acfcc016e653791c670-1788895618015.jpeg   OK
    testing: resources/page@8525f9a0b5c48acfcc016e653791c670-1788895618025.jpeg   OK
    testing: resources/page@8525f9a0b5c48acfcc016e653791c670-1788895618042.jpeg   OK
    testing: resources/page@8525f9a0b5c48acfcc016e653791c670-1788895618050.jpeg   OK
    testing: resources/page@8525f9a0b5c48acfcc016e653791c670-1788895618057.jpeg   OK
    testing: resources/page@8525f9a0b5c48acfcc016e653791c670-1788895618074.jpeg   OK
    testing: resources/page@8525f9a0b5c48acfcc016e653791c670-1788895618084.jpeg   OK
    testing: resources/page@8525f9a0b5c48acfcc016e653791c670-1788895618092.jpeg   OK
    testing: resources/page@8525f9a0b5c48acfcc016e653791c670-1788895618109.jpeg   OK
    testing: resources/page@8525f9a0b5c48acfcc016e653791c670-1788895618116.jpeg   OK
    testing: resources/page@8525f9a0b5c48acfcc016e653791c670-1788895618125.jpeg   OK
    testing: resources/page@8525f9a0b5c48acfcc016e653791c670-1788895618142.jpeg   OK
    testing: resources/page@8525f9a0b5c48acfcc016e653791c670-1788895618159.jpeg   OK
    testing: resources/page@8525f9a0b5c48acfcc016e653791c670-1788895618186.jpeg   OK
    testing: resources/page@8525f9a0b5c48acfcc016e653791c670-1788895618214.jpeg   OK
    testing: resources/page@8525f9a0b5c48acfcc016e653791c670-1788895618222.jpeg   OK
    testing: resources/page@8525f9a0b5c48acfcc016e653791c670-1788895618247.jpeg   OK
    testing: resources/page@8525f9a0b5c48acfcc016e653791c670-1788895618319.jpeg   OK
    testing: resources/page@8525f9a0b5c48acfcc016e653791c670-1788895618331.jpeg   OK
    testing: resources/page@8525f9a0b5c48acfcc016e653791c670-1788895618345.jpeg   OK
    testing: resources/page@8525f9a0b5c48acfcc016e653791c670-1788895618386.jpeg   OK
    testing: resources/page@8525f9a0b5c48acfcc016e653791c670-1788895618396.jpeg   OK
    testing: resources/page@8525f9a0b5c48acfcc016e653791c670-1788895618433.jpeg   OK
    testing: resources/page@8525f9a0b5c48acfcc016e653791c670-1788895618456.jpeg   OK
    testing: resources/page@8525f9a0b5c48acfcc016e653791c670-1788895618481.jpeg   OK
    testing: resources/page@8525f9a0b5c48acfcc016e653791c670-1788895618525.jpeg   OK
    testing: resources/page@8525f9a0b5c48acfcc016e653791c670-1788895618541.jpeg   OK
    testing: resources/page@8525f9a0b5c48acfcc016e653791c670-1788895618615.jpeg   OK
    testing: resources/page@8525f9a0b5c48acfcc016e653791c670-1788895618634.jpeg   OK
    testing: resources/page@8525f9a0b5c48acfcc016e653791c670-1788895618706.jpeg   OK
    testing: resources/page@8525f9a0b5c48acfcc016e653791c670-1788895618731.jpeg   OK
    testing: resources/page@8525f9a0b5c48acfcc016e653791c670-1788895618751.jpeg   OK
    testing: resources/page@8525f9a0b5c48acfcc016e653791c670-1788895618759.jpeg   OK
    testing: resources/page@8525f9a0b5c48acfcc016e653791c670-1788895618811.jpeg   OK
    testing: resources/page@8525f9a0b5c48acfcc016e653791c670-1788895618839.jpeg   OK
    testing: resources/page@8525f9a0b5c48acfcc016e653791c670-1788895618859.jpeg   OK
    testing: resources/page@8525f9a0b5c48acfcc016e653791c670-1788895618868.jpeg   OK
    testing: resources/page@8525f9a0b5c48acfcc016e653791c670-1788895618920.jpeg   OK
    testing: resources/page@8525f9a0b5c48acfcc016e653791c670-1788895618947.jpeg   OK
    testing: resources/page@8525f9a0b5c48acfcc016e653791c670-1788895618967.jpeg   OK
    testing: resources/page@8525f9a0b5c48acfcc016e653791c670-1788895618974.jpeg   OK
    testing: resources/page@8525f9a0b5c48acfcc016e653791c670-1788895619028.jpeg   OK
    testing: resources/page@8525f9a0b5c48acfcc016e653791c670-1788895619045.jpeg   OK
    testing: resources/page@8525f9a0b5c48acfcc016e653791c670-1788895619075.jpeg   OK
    testing: resources/page@8525f9a0b5c48acfcc016e653791c670-1788895619085.jpeg   OK
    testing: resources/page@8525f9a0b5c48acfcc016e653791c670-1788895619137.jpeg   OK
    testing: resources/page@8525f9a0b5c48acfcc016e653791c670-1788895619164.jpeg   OK
    testing: resources/page@8525f9a0b5c48acfcc016e653791c670-1788895619225.jpeg   OK
    testing: resources/page@8525f9a0b5c48acfcc016e653791c670-1788895619256.jpeg   OK
    testing: resources/page@8525f9a0b5c48acfcc016e653791c670-1788895619297.jpeg   OK
    testing: resources/page@8525f9a0b5c48acfcc016e653791c670-1788895619305.jpeg   OK
    testing: resources/page@8525f9a0b5c48acfcc016e653791c670-1788895619316.jpeg   OK
    testing: resources/page@8525f9a0b5c48acfcc016e653791c670-1788895619362.jpeg   OK
    testing: resources/page@8525f9a0b5c48acfcc016e653791c670-1788895619371.jpeg   OK
    testing: resources/page@8525f9a0b5c48acfcc016e653791c670-1788895619412.jpeg   OK
    testing: resources/page@8525f9a0b5c48acfcc016e653791c670-1788895619427.jpeg   OK
    testing: resources/page@8525f9a0b5c48acfcc016e653791c670-1788895619436.jpeg   OK
    testing: resources/page@8525f9a0b5c48acfcc016e653791c670-1788895619478.jpeg   OK
    testing: resources/page@8525f9a0b5c48acfcc016e653791c670-1788895619496.jpeg   OK
    testing: resources/page@8525f9a0b5c48acfcc016e653791c670-1788895619543.jpeg   OK
    testing: resources/page@8525f9a0b5c48acfcc016e653791c670-1788895619595.jpeg   OK
    testing: resources/page@8525f9a0b5c48acfcc016e653791c670-1788895619603.jpeg   OK
    testing: resources/page@8525f9a0b5c48acfcc016e653791c670-1788895619614.jpeg   OK
    testing: resources/page@8525f9a0b5c48acfcc016e653791c670-1788895619673.jpeg   OK
    testing: resources/page@8525f9a0b5c48acfcc016e653791c670-1788895619683.jpeg   OK
    testing: resources/page@8525f9a0b5c48acfcc016e653791c670-1788895619693.jpeg   OK
    testing: resources/page@8525f9a0b5c48acfcc016e653791c670-1788895619734.jpeg   OK
    testing: resources/page@8525f9a0b5c48acfcc016e653791c670-1788895619770.jpeg   OK
    testing: resources/page@8525f9a0b5c48acfcc016e653791c670-1788895619787.jpeg   OK
    testing: resources/page@8525f9a0b5c48acfcc016e653791c670-1788895619811.jpeg   OK
    testing: resources/page@8525f9a0b5c48acfcc016e653791c670-1788895619843.jpeg   OK
    testing: resources/page@8525f9a0b5c48acfcc016e653791c670-1788895619848.jpeg   OK
    testing: resources/page@8525f9a0b5c48acfcc016e653791c670-1788895619856.jpeg   OK
    testing: resources/page@8525f9a0b5c48acfcc016e653791c670-1788895619883.jpeg   OK
    testing: resources/page@8525f9a0b5c48acfcc016e653791c670-1788895619924.jpeg   OK
    testing: resources/page@8525f9a0b5c48acfcc016e653791c670-1788895619937.jpeg   OK
    testing: resources/page@8525f9a0b5c48acfcc016e653791c670-1788895619945.jpeg   OK
    testing: resources/page@8525f9a0b5c48acfcc016e653791c670-1788895619955.jpeg   OK
    testing: resources/page@8525f9a0b5c48acfcc016e653791c670-1788895619974.jpeg   OK
    testing: resources/page@8525f9a0b5c48acfcc016e653791c670-1788895620026.jpeg   OK
    testing: resources/page@8525f9a0b5c48acfcc016e653791c670-1788895620110.jpeg   OK
    testing: resources/page@8525f9a0b5c48acfcc016e653791c670-1788895620139.jpeg   OK
    testing: resources/page@8525f9a0b5c48acfcc016e653791c670-1788895620145.jpeg   OK
    testing: resources/page@8525f9a0b5c48acfcc016e653791c670-1788895620157.jpeg   OK
    testing: resources/page@8525f9a0b5c48acfcc016e653791c670-1788895620176.jpeg   OK
    testing: resources/page@8525f9a0b5c48acfcc016e653791c670-1788895620189.jpeg   OK
    testing: resources/page@8525f9a0b5c48acfcc016e653791c670-1788895620225.jpeg   OK
    testing: resources/page@8525f9a0b5c48acfcc016e653791c670-1788895620232.jpeg   OK
    testing: resources/page@8525f9a0b5c48acfcc016e653791c670-1788895620273.jpeg   OK
    testing: resources/page@8525f9a0b5c48acfcc016e653791c670-1788895620413.jpeg   OK
    testing: resources/page@8525f9a0b5c48acfcc016e653791c670-1788895620421.jpeg   OK
    testing: resources/page@8525f9a0b5c48acfcc016e653791c670-1788895620427.jpeg   OK
    testing: resources/page@8525f9a0b5c48acfcc016e653791c670-1788895620549.jpeg   OK
    testing: resources/page@8525f9a0b5c48acfcc016e653791c670-1788895620570.jpeg   OK
    testing: resources/page@8525f9a0b5c48acfcc016e653791c670-1788895620599.jpeg   OK
    testing: resources/page@8525f9a0b5c48acfcc016e653791c670-1788895620629.jpeg   OK
    testing: resources/page@8525f9a0b5c48acfcc016e653791c670-1788895620683.jpeg   OK
    testing: resources/page@8525f9a0b5c48acfcc016e653791c670-1788895620694.jpeg   OK
    testing: resources/page@8525f9a0b5c48acfcc016e653791c670-1788895620699.jpeg   OK
    testing: resources/page@8525f9a0b5c48acfcc016e653791c670-1788895620706.jpeg   OK
    testing: resources/page@8525f9a0b5c48acfcc016e653791c670-1788895620715.jpeg   OK
    testing: resources/page@8525f9a0b5c48acfcc016e653791c670-1788895620723.jpeg   OK
    testing: resources/page@8525f9a0b5c48acfcc016e653791c670-1788895620778.jpeg   OK
    testing: resources/page@8525f9a0b5c48acfcc016e653791c670-1788895620803.jpeg   OK
    testing: resources/page@8525f9a0b5c48acfcc016e653791c670-1788895620820.jpeg   OK
    testing: resources/page@8525f9a0b5c48acfcc016e653791c670-1788895620929.jpeg   OK
    testing: resources/page@8525f9a0b5c48acfcc016e653791c670-1788895620934.jpeg   OK
    testing: resources/page@8525f9a0b5c48acfcc016e653791c670-1788895620974.jpeg   OK
    testing: resources/page@8525f9a0b5c48acfcc016e653791c670-1788895620995.jpeg   OK
    testing: resources/page@8525f9a0b5c48acfcc016e653791c670-1788895621031.jpeg   OK
    testing: resources/page@8525f9a0b5c48acfcc016e653791c670-1788895621063.jpeg   OK
    testing: resources/page@8525f9a0b5c48acfcc016e653791c670-1788895621095.jpeg   OK
    testing: resources/page@8525f9a0b5c48acfcc016e653791c670-1788895621102.jpeg   OK
    testing: resources/page@8525f9a0b5c48acfcc016e653791c670-1788895621110.jpeg   OK
    testing: resources/page@8525f9a0b5c48acfcc016e653791c670-1788895621133.jpeg   OK
    testing: resources/page@8525f9a0b5c48acfcc016e653791c670-1788895621142.jpeg   OK
    testing: resources/page@8525f9a0b5c48acfcc016e653791c670-1788895621151.jpeg   OK
    testing: resources/page@8525f9a0b5c48acfcc016e653791c670-1788895621162.jpeg   OK
    testing: resources/page@8525f9a0b5c48acfcc016e653791c670-1788895621203.jpeg   OK
    testing: resources/page@8525f9a0b5c48acfcc016e653791c670-1788895621232.jpeg   OK
    testing: resources/page@8525f9a0b5c48acfcc016e653791c670-1788895621242.jpeg   OK
    testing: resources/page@8525f9a0b5c48acfcc016e653791c670-1788895621274.jpeg   OK
    testing: resources/page@8525f9a0b5c48acfcc016e653791c670-1788895621303.jpeg   OK
    testing: resources/53f5082289c5d26facaab06fbe928a7f1918567a.html   OK
    testing: resources/6aef677a3c25d4dcedb73a10b2c3fdddac62912f.css   OK
    testing: resources/03fa82d65ffae4b5cbac1d0aaa139fb5ad1a4aa0.webp   OK
    testing: resources/bcf321e2bfee078545870d13b3c6aef7008de6de.webp   OK
    testing: resources/cd57713efed877bc231f72124e2dc7e52dce33ec.webp   OK
    testing: resources/ebce057ac386762c957c8fdc981b917b2146f69f.css   OK
    testing: resources/c279e54b2523c71673c0482e4d49b81fc03cbeac.css   OK
    testing: trace.stacks             OK
    testing: resources/src@6fd7da0a5f68baf224a51801d206d5ffefc68584.txt   OK
    testing: resources/src@2d03f93c7eadc339f5ab5e9d832018a2524afe50.txt   OK
No errors detected in compressed data of /private/tmp/issue199-continuation/2026-09-08T19-26-49.451Z-large/trace.zip.
