{
  "productSource": "b33b7531027979b8886f5db979d57cd96b96175d",
  "parentHarness": "095e6d9463580e3502ba7c210d3982bed548a52f",
  "sourceFilesVerified": 242,
  "productConfigDiffEmpty": true,
  "originalFixturesVerified": {
    "mixed.myrelith": {
      "bytes": 13379,
      "characters": 13366,
      "sha256": "e510cb67197ed771049dea65cfccf02820d4550841f6b32dde9ac6c0f4618ac0"
    },
    "dense.myrelith": {
      "bytes": 7892352,
      "characters": 7892351,
      "sha256": "26814d074c6e94230b1e3004c863d32490bd84cd266123c27720f228b851c574"
    },
    "many-lanes.myrelith": {
      "bytes": 1070249,
      "characters": 1070248,
      "sha256": "2461ff539f8db3515c5845dbdbe1d3427fbe792d8a852906c6504f74221fda4c"
    }
  },
  "supplementVerified": {
    "productSource": "b33b7531027979b8886f5db979d57cd96b96175d",
    "generatorSha256": "a6b86530470c51fc9e84dda28470fad3219b46accad54fa5f9b7579a933d4ad0",
    "originalFixtureSha256": "26814d074c6e94230b1e3004c863d32490bd84cd266123c27720f228b851c574",
    "scope": "100000 authored keys with one available1024-key opacity lane; other lanes remain unavailable and original committed fixture is unchanged.",
    "domainValidation": {
      "totalKeys": 100000,
      "scalarStatus": "scalar",
      "scalarKeys": 1024,
      "first": 0,
      "last": 1023,
      "curvePoints": 255,
      "glyphsAtBudget32": 32,
      "canonicalRoundTripExact": true,
      "browserRun": false
    },
    "files": {
      "dense-scalar.myrelith": {
        "bytes": 7892325,
        "sha256": "2518406e6d2759bb7a8cdceb0d2d555ec460c0e34130325fa61f4b9b775dadbf"
      }
    }
  },
  "syntaxCheckedWithoutExecutingRunner": [
    "scripts/issue199/run-animation-continuation.mjs",
    "scripts/issue199/prepare-continuation-fixtures.mjs",
    "scripts/issue199/continuation/observations.mjs",
    "scripts/issue199/continuation/portable.mjs",
    "scripts/issue199/continuation/process-identities.mjs",
    "scripts/issue199/continuation/process-identities.test.mjs"
  ],
  "mixedSourceTimeTicks": {
    "negative": -150000000,
    "afterClip": 200000000,
    "sourceDuration": 60000000
  },
  "browserExecuted": false
}
