
> myrelith@0.2.0-alpha.1 build
> tsc -b && vite build

vite v8.1.2 building client environment for production...
[2K
transforming...✓ 5015 modules transformed.
rendering chunks...
computing gzip size...
dist/assets/rolldown-runtime-BHe-jwch.js                  0.95 kB
dist/index.html                                           1.26 kB │ gzip:   0.54 kB
dist/assets/video-scopes.worker-qT4VxaOS.js               2.84 kB
dist/assets/color-lut-import.worker-cpGuStVq.js           5.41 kB
dist/assets/mediabunny-prores-q1SqEw_X.js               206.10 kB
dist/assets/mediabunny-prores-CUDWMC8E.js               206.11 kB
dist/assets/mediabunny-prores-CqsZsYY4.js               206.11 kB
dist/assets/multicam-monitor.worker-CgdQdvN3.js         306.39 kB
dist/assets/audio-alignment.worker-CE13GrYs.js          364.83 kB
dist/assets/motion-analysis.worker-CB6JgBPu.js          379.43 kB
dist/assets/render.worker-CbqQWDf7.js                   511.84 kB
dist/assets/mediabunny-ac3-f9CxFYok.js                1,144.16 kB
dist/assets/mediabunny-ac3-Bab0yg6L.js                1,144.18 kB
dist/assets/mediabunny-ac3-QsdFtuRy.js                1,144.18 kB
dist/assets/index-DsADjVaB.css                           36.31 kB │ gzip:   7.93 kB
dist/assets/EditorShell-DUYObshI.css                    140.29 kB │ gzip:  27.00 kB
dist/assets/editorUi-5uoVmk7P.js                          0.02 kB │ gzip:   0.04 kB
dist/assets/motionTrackingSelectionStore-CvN7WD1W.js      0.46 kB │ gzip:   0.20 kB
dist/assets/PluginDialogFrame-BTu-ShS1.js                 2.05 kB │ gzip:   0.87 kB
dist/assets/AdjustmentDialog-COiKOCG4.js                  3.66 kB │ gzip:   1.47 kB
dist/assets/TextOverlayDialog-BwUZNOxL.js                 3.71 kB │ gzip:   1.49 kB
dist/assets/pluginPreparedExportOwner-Cc_qfUn5.js         6.44 kB │ gzip:   2.23 kB
dist/assets/DynamicZoomEditor-zCRbQbqf.js                 6.57 kB │ gzip:   2.42 kB
dist/assets/exportCapabilitiesController-BmVJVbnf.js      6.97 kB │ gzip:   2.56 kB
dist/assets/AnimationCurveEditor-rYO0KWtE.js              7.19 kB │ gzip:   2.64 kB
dist/assets/export-mediabunny-profile-pkkoabZq.js        12.77 kB │ gzip:   4.34 kB
dist/assets/StabilizationEditor-Cuy-Hzq8.js              16.15 kB │ gzip:   5.57 kB
dist/assets/motionAnalysisRuntime-dDF2Hr3U.js            17.49 kB │ gzip:   5.44 kB
dist/assets/CaptionEditor-BGkLbXBu.js                    18.18 kB │ gzip:   5.95 kB
dist/assets/MotionTrackingEditor-CDIc8aL2.js             20.10 kB │ gzip:   6.58 kB
dist/assets/exportController-8XxtGaRF.js                 21.79 kB │ gzip:   7.12 kB
dist/assets/PluginAppRoot-l-QpAabQ.js                    24.13 kB │ gzip:   6.34 kB
dist/assets/export-mediabunny-D3iY0bkY.js                30.87 kB │ gzip:  10.06 kB
dist/assets/ExportDialog-ix41yPsy.js                     36.83 kB │ gzip:  10.70 kB
dist/assets/pluginAppController--zQbT_9W.js             177.13 kB │ gzip:  49.04 kB
dist/assets/mediabunny-prores-C9hi9oa7.js               205.86 kB │ gzip:  49.07 kB
dist/assets/EditorShell-J8Gzua7N.js                     527.22 kB │ gzip: 137.98 kB
dist/assets/mediabunny-ac3-vWJP-RBl.js                1,144.06 kB │ gzip: 303.57 kB
dist/assets/index-CXHkR57C.js                         1,598.96 kB │ gzip: 435.21 kB

✓ built in 336ms
[plugin builtin:vite-reporter]
(!) Some chunks are larger than 500 kB after minification. Consider:
- Using dynamic import() to code-split the application
- Use build.rolldownOptions.output.codeSplitting to improve chunking: https://rolldown.rs/reference/OutputOptions.codeSplitting
- Adjust chunk size limit for this warning via build.chunkSizeWarningLimit.
