> myrelith@0.2.0-alpha.1 build
> tsc -b && vite build

vite v8.1.2 building client environment for production...

transforming...✓ 5037 modules transformed.
rendering chunks...
computing gzip size...
dist/assets/rolldown-runtime-BHe-jwch.js                  0.95 kB
dist/index.html                                           1.26 kB │ gzip:   0.54 kB
dist/assets/video-scopes.worker-qT4VxaOS.js               2.84 kB
dist/assets/color-lut-import.worker-cpGuStVq.js           5.41 kB
dist/assets/mediabunny-prores-npsfSQgX.js               206.10 kB
dist/assets/mediabunny-prores-CUDWMC8E.js               206.11 kB
dist/assets/mediabunny-prores-CqsZsYY4.js               206.11 kB
dist/assets/multicam-monitor.worker-CgdQdvN3.js         306.39 kB
dist/assets/audio-alignment.worker-CE13GrYs.js          364.83 kB
dist/assets/motion-analysis.worker-CB6JgBPu.js          379.43 kB
dist/assets/render.worker-C0tpBBKI.js                   512.99 kB
dist/assets/mediabunny-ac3-D6TI5vb2.js                1,144.16 kB
dist/assets/mediabunny-ac3-Bab0yg6L.js                1,144.18 kB
dist/assets/mediabunny-ac3-QsdFtuRy.js                1,144.18 kB
dist/assets/index-DsADjVaB.css                           36.31 kB │ gzip:   7.93 kB
dist/assets/EditorShell-BUwids_o.css                    142.20 kB │ gzip:  27.40 kB
dist/assets/editorUi-DzdIIAHu.js                          0.02 kB │ gzip:   0.04 kB
dist/assets/motionTrackingSelectionStore-DYa-YEWA.js      0.46 kB │ gzip:   0.20 kB
dist/assets/PluginDialogFrame-DOmP7rMM.js                 2.05 kB │ gzip:   0.86 kB
dist/assets/AdjustmentDialog-C1sy8f4z.js                  3.66 kB │ gzip:   1.47 kB
dist/assets/TextOverlayDialog-BhdwfHVr.js                 3.71 kB │ gzip:   1.49 kB
dist/assets/pluginPreparedExportOwner-5VzivRI5.js         6.44 kB │ gzip:   2.23 kB
dist/assets/DynamicZoomEditor-D28YbbpR.js                 6.57 kB │ gzip:   2.42 kB
dist/assets/exportCapabilitiesController-KrmWAFG4.js      6.97 kB │ gzip:   2.57 kB
dist/assets/AnimationCurveEditor-CelFaHmp.js              7.19 kB │ gzip:   2.63 kB
dist/assets/export-mediabunny-profile-jHS3ZLNj.js        12.77 kB │ gzip:   4.34 kB
dist/assets/StabilizationEditor-DF8-7zZE.js              16.15 kB │ gzip:   5.57 kB
dist/assets/motionAnalysisRuntime-DJMt1CZF.js            17.49 kB │ gzip:   5.44 kB
dist/assets/CaptionEditor-B5IGWGXW.js                    18.18 kB │ gzip:   5.96 kB
dist/assets/MotionTrackingEditor-BSkJwaL5.js             20.10 kB │ gzip:   6.57 kB
dist/assets/exportController-BehwpYsD.js                 21.79 kB │ gzip:   7.13 kB
dist/assets/PluginAppRoot-CuNytCfO.js                    24.13 kB │ gzip:   6.34 kB
dist/assets/export-mediabunny-DGa-ddbi.js                30.86 kB │ gzip:  10.09 kB
dist/assets/ExportDialog-BRymANyi.js                     36.83 kB │ gzip:  10.70 kB
dist/assets/pluginAppController-BK_Xe4Mz.js             177.17 kB │ gzip:  49.06 kB
dist/assets/mediabunny-prores-Cz_CN_ux.js               205.86 kB │ gzip:  49.07 kB
dist/assets/EditorShell-K9lRMpj1.js                     552.31 kB │ gzip: 145.12 kB
dist/assets/mediabunny-ac3-CL2opfzI.js                1,144.06 kB │ gzip: 303.56 kB
dist/assets/index-DjEYblSH.js                         1,637.26 kB │ gzip: 446.99 kB

✓ built in 376ms
[plugin builtin:vite-reporter]
(!) Some chunks are larger than 500 kB after minification. Consider:
- Using dynamic import() to code-split the application
- Use build.rolldownOptions.output.codeSplitting to improve chunking: https://rolldown.rs/reference/OutputOptions.codeSplitting
- Adjust chunk size limit for this warning via build.chunkSizeWarningLimit.
