
> myrelith@0.2.0-alpha.1 build
> tsc -b && vite build

vite v8.1.2 building client environment for production...
[2Ktransforming...✓ 5013 modules transformed.
rendering chunks...
computing gzip size...
dist/assets/rolldown-runtime-BHe-jwch.js                  0.95 kB
dist/index.html                                           1.26 kB │ gzip:   0.54 kB
dist/assets/video-scopes.worker-qT4VxaOS.js               2.84 kB
dist/assets/color-lut-import.worker-cpGuStVq.js           5.41 kB
dist/assets/mediabunny-prores-CfL7G8i6.js               206.10 kB
dist/assets/mediabunny-prores-CUDWMC8E.js               206.11 kB
dist/assets/mediabunny-prores-CqsZsYY4.js               206.11 kB
dist/assets/multicam-monitor.worker-CgdQdvN3.js         306.39 kB
dist/assets/audio-alignment.worker-CE13GrYs.js          364.83 kB
dist/assets/motion-analysis.worker-CB6JgBPu.js          379.43 kB
dist/assets/render.worker-BBoy6FmA.js                   511.84 kB
dist/assets/mediabunny-ac3-OgpCgr5J.js                1,144.16 kB
dist/assets/mediabunny-ac3-Bab0yg6L.js                1,144.18 kB
dist/assets/mediabunny-ac3-QsdFtuRy.js                1,144.18 kB
dist/assets/index-DsADjVaB.css                           36.31 kB │ gzip:   7.93 kB
dist/assets/EditorShell-DUYObshI.css                    140.29 kB │ gzip:  27.00 kB
dist/assets/editorUi-C0CiMCX-.js                          0.02 kB │ gzip:   0.04 kB
dist/assets/motionTrackingSelectionStore-BJOaN23R.js      0.46 kB │ gzip:   0.20 kB
dist/assets/PluginDialogFrame-DA0HGMec.js                 2.05 kB │ gzip:   0.86 kB
dist/assets/AdjustmentDialog-9j6Ume2H.js                  3.66 kB │ gzip:   1.47 kB
dist/assets/TextOverlayDialog-DdhcMgOV.js                 3.71 kB │ gzip:   1.49 kB
dist/assets/pluginPreparedExportOwner-jTYnsZmh.js         6.44 kB │ gzip:   2.23 kB
dist/assets/DynamicZoomEditor-StSuCVKr.js                 6.57 kB │ gzip:   2.42 kB
dist/assets/exportCapabilitiesController-D-6Q7lHj.js      6.97 kB │ gzip:   2.56 kB
dist/assets/AnimationCurveEditor-DINh4OHT.js              7.19 kB │ gzip:   2.63 kB
dist/assets/export-mediabunny-profile-pP4P_hU_.js        12.77 kB │ gzip:   4.33 kB
dist/assets/StabilizationEditor-CU-t-ibn.js              16.15 kB │ gzip:   5.57 kB
dist/assets/motionAnalysisRuntime-CpYLX4Oa.js            17.49 kB │ gzip:   5.44 kB
dist/assets/CaptionEditor-nRzglMG1.js                    18.18 kB │ gzip:   5.95 kB
dist/assets/MotionTrackingEditor-DbEUTKlO.js             20.10 kB │ gzip:   6.58 kB
dist/assets/exportController-DUOWxyIY.js                 21.79 kB │ gzip:   7.12 kB
dist/assets/PluginAppRoot-BEWgo7YP.js                    24.13 kB │ gzip:   6.34 kB
dist/assets/export-mediabunny-Be3746_N.js                30.87 kB │ gzip:  10.06 kB
dist/assets/ExportDialog-4LwID13q.js                     36.83 kB │ gzip:  10.71 kB
dist/assets/pluginAppController-C-8jhR73.js             177.13 kB │ gzip:  49.03 kB
dist/assets/mediabunny-prores-D_uhIdbr.js               205.86 kB │ gzip:  49.07 kB
dist/assets/EditorShell-B2yMuyZk.js                     527.22 kB │ gzip: 137.95 kB
dist/assets/mediabunny-ac3-Cq0Wxmde.js                1,144.06 kB │ gzip: 303.57 kB
dist/assets/index-CMd7ooGK.js                         1,598.97 kB │ gzip: 435.31 kB

✓ built in 654ms
[plugin builtin:vite-reporter]
(!) Some chunks are larger than 500 kB after minification. Consider:
- Using dynamic import() to code-split the application
- Use build.rolldownOptions.output.codeSplitting to improve chunking: https://rolldown.rs/reference/OutputOptions.codeSplitting
- Adjust chunk size limit for this warning via build.chunkSizeWarningLimit.
