
> myrelith@0.2.0-alpha.1 build
> tsc -b && vite build

vite v8.1.2 building client environment for production...

transforming...✓ 5025 modules transformed.
rendering chunks...
computing gzip size...
dist/assets/rolldown-runtime-BHe-jwch.js                  0.95 kB
dist/index.html                                           1.26 kB │ gzip:   0.54 kB
dist/assets/video-scopes.worker-qT4VxaOS.js               2.84 kB
dist/assets/color-lut-import.worker-cpGuStVq.js           5.41 kB
dist/assets/mediabunny-prores-ChnPIpTq.js               206.10 kB
dist/assets/mediabunny-prores-CUDWMC8E.js               206.11 kB
dist/assets/mediabunny-prores-CqsZsYY4.js               206.11 kB
dist/assets/multicam-monitor.worker-CgdQdvN3.js         306.39 kB
dist/assets/audio-alignment.worker-CE13GrYs.js          364.83 kB
dist/assets/motion-analysis.worker-CB6JgBPu.js          379.43 kB
dist/assets/render.worker-C2nr1ZBH.js                   512.95 kB
dist/assets/mediabunny-ac3-C1d98onS.js                1,144.16 kB
dist/assets/mediabunny-ac3-Bab0yg6L.js                1,144.18 kB
dist/assets/mediabunny-ac3-QsdFtuRy.js                1,144.18 kB
dist/assets/index-DsADjVaB.css                           36.31 kB │ gzip:   7.93 kB
dist/assets/EditorShell-DUYObshI.css                    140.29 kB │ gzip:  27.00 kB
dist/assets/editorUi-BmfpRWw4.js                          0.02 kB │ gzip:   0.04 kB
dist/assets/motionTrackingSelectionStore-B6k7eGbx.js      0.46 kB │ gzip:   0.20 kB
dist/assets/PluginDialogFrame-B0qtSL3S.js                 2.05 kB │ gzip:   0.86 kB
dist/assets/AdjustmentDialog-DJMhCV7W.js                  3.66 kB │ gzip:   1.47 kB
dist/assets/TextOverlayDialog-DAIOy2nH.js                 3.71 kB │ gzip:   1.49 kB
dist/assets/pluginPreparedExportOwner-GLBdTQsl.js         6.44 kB │ gzip:   2.23 kB
dist/assets/DynamicZoomEditor-KgA9BIlM.js                 6.57 kB │ gzip:   2.42 kB
dist/assets/exportCapabilitiesController-B0_UzhDW.js      6.97 kB │ gzip:   2.57 kB
dist/assets/AnimationCurveEditor-B-MdyYDI.js              7.19 kB │ gzip:   2.64 kB
dist/assets/export-mediabunny-profile-CCe5zSOX.js        12.77 kB │ gzip:   4.33 kB
dist/assets/StabilizationEditor-CepuFWFh.js              16.15 kB │ gzip:   5.57 kB
dist/assets/motionAnalysisRuntime-CbZCgpKM.js            17.49 kB │ gzip:   5.44 kB
dist/assets/CaptionEditor-BA8QsMi4.js                    18.18 kB │ gzip:   5.95 kB
dist/assets/MotionTrackingEditor-CBPWS3oC.js             20.10 kB │ gzip:   6.59 kB
dist/assets/exportController-DKqJV0_J.js                 21.79 kB │ gzip:   7.16 kB
dist/assets/PluginAppRoot-Ddgfn9dT.js                    24.13 kB │ gzip:   6.34 kB
dist/assets/export-mediabunny-4seTrU_d.js                30.87 kB │ gzip:  10.07 kB
dist/assets/ExportDialog-Dr7yhRgO.js                     36.83 kB │ gzip:  10.71 kB
dist/assets/pluginAppController-CTkcRo53.js             177.17 kB │ gzip:  49.05 kB
dist/assets/mediabunny-prores-Cq6ZbIC5.js               205.86 kB │ gzip:  49.07 kB
dist/assets/EditorShell-eHglJ4cK.js                     527.85 kB │ gzip: 138.09 kB
dist/assets/mediabunny-ac3-xC4hiH__.js                1,144.06 kB │ gzip: 303.56 kB
dist/assets/index-FgqYqeff.js                         1,616.18 kB │ gzip: 440.94 kB

✓ built in 399ms
[plugin builtin:vite-reporter]
(!) Some chunks are larger than 500 kB after minification. Consider:
- Using dynamic import() to code-split the application
- Use build.rolldownOptions.output.codeSplitting to improve chunking: https://rolldown.rs/reference/OutputOptions.codeSplitting
- Adjust chunk size limit for this warning via build.chunkSizeWarningLimit.
